CheckFinalize.java:15:12: compiler.err.report.access: finalize(), protected, java.lang.Object
CheckFinalize.java:15:21: compiler.err.value.does.not.support: finalize
CheckFinalize.java:16:20: compiler.err.value.does.not.support: finalize
- compiler.note.deprecated.filename: CheckFinalize.java
- compiler.note.deprecated.recompile
3 errors
