CheckClone.java:11:21: compiler.err.value.does.not.support: clone
CheckClone.java:12:18: compiler.err.value.does.not.support: clone
CheckClone.java:9:17: compiler.err.empty.value.not.yet
CheckClone.java:16:16: compiler.err.value.does.not.support: clone
CheckClone.java:17:14: compiler.err.value.does.not.support: clone
CheckClone.java:8:13: compiler.err.empty.value.not.yet
6 errors
