CheckSynchronized.java:9:23: compiler.err.mod.not.allowed.here: synchronized
CheckSynchronized.java:12:9: compiler.err.type.found.req: CheckSynchronized, (compiler.misc.type.req.ref)
CheckSynchronized.java:15:9: compiler.err.type.found.req: CheckSynchronized, (compiler.misc.type.req.ref)
3 errors
