CheckCyclicMembership.java:13:37: compiler.err.cyclic.value.type.membership: CheckCyclicMembership.InnerValue
CheckCyclicMembership.java:15:33: compiler.err.cyclic.value.type.membership: CheckCyclicMembership
CheckCyclicMembership.java:19:22: compiler.err.cyclic.value.type.membership: CheckCyclicMembership
3 errors
