- compiler.warn.source.no.bootclasspath: 10
- compiler.err.warnings.and.werror
1 error
1 warning
