DemoteToValueBasedTest.java:11:15: compiler.err.prob.found.req: (compiler.misc.inconvertible.types: compiler.misc.type.null, Point)
1 error
