NoncovariantArrayTest.java:16:33: compiler.err.prob.found.req: (compiler.misc.inconvertible.types: int[], java.lang.Object[])
NoncovariantArrayTest.java:17:14: compiler.err.prob.found.req: (compiler.misc.inconvertible.types: int[], java.lang.Object[])
NoncovariantArrayTest.java:20:34: compiler.err.prob.found.req: (compiler.misc.inconvertible.types: NoncovariantArrayTest.V[], java.lang.Object[])
NoncovariantArrayTest.java:21:15: compiler.err.prob.found.req: (compiler.misc.inconvertible.types: NoncovariantArrayTest.V[], java.lang.Object[])
NoncovariantArrayTest.java:22:14: compiler.err.prob.found.req: (compiler.misc.inconvertible.types: java.lang.Object[], NoncovariantArrayTest.V[])
NoncovariantArrayTest.java:23:21: compiler.err.prob.found.req: (compiler.misc.inconvertible.types: java.lang.Object[], NoncovariantArrayTest.V[])
6 errors